[2025-10-11T15:47:22.577+0200][gc,init] CardTable entry size: 512
[2025-10-11T15:47:22.577+0200][gc     ] Using G1
[2025-10-11T15:47:22.582+0200][gc,init] Version: 21.0.2+13-LTS (release)
[2025-10-11T15:47:22.582+0200][gc,init] CPUs: 8 total, 8 available
[2025-10-11T15:47:22.582+0200][gc,init] Memory: 16384M
[2025-10-11T15:47:22.582+0200][gc,init] Large Page Support: Disabled
[2025-10-11T15:47:22.582+0200][gc,init] NUMA Support: Disabled
[2025-10-11T15:47:22.582+0200][gc,init] Compressed Oops: Enabled (Zero based)
[2025-10-11T15:47:22.582+0200][gc,init] Heap Region Size: 1M
[2025-10-11T15:47:22.582+0200][gc,init] Heap Min Capacity: 1G
[2025-10-11T15:47:22.582+0200][gc,init] Heap Initial Capacity: 1G
[2025-10-11T15:47:22.582+0200][gc,init] Heap Max Capacity: 1G
[2025-10-11T15:47:22.582+0200][gc,init] Pre-touch: Disabled
[2025-10-11T15:47:22.582+0200][gc,init] Parallel Workers: 8
[2025-10-11T15:47:22.582+0200][gc,init] Concurrent Workers: 2
[2025-10-11T15:47:22.582+0200][gc,init] Concurrent Refinement Workers: 8
[2025-10-11T15:47:22.582+0200][gc,init] Periodic GC: Disabled
[2025-10-11T15:47:22.582+0200][gc,metaspace] CDS archive(s) not mapped
[2025-10-11T15:47:22.582+0200][gc,metaspace] Compressed class space mapped at: 0x0000000800000000-0x0000000840000000, reserved size: 1073741824
[2025-10-11T15:47:22.582+0200][gc,metaspace] Narrow klass base: 0x0000000800000000, Narrow klass shift: 0, Narrow klass range: 0x40000000
[2025-10-11T15:47:24.158+0200][gc,start    ] GC(0) Pause Young (Concurrent Start) (Metadata GC Threshold)
[2025-10-11T15:47:24.158+0200][gc,task     ] GC(0) Using 8 workers of 8 for evacuation
[2025-10-11T15:47:24.186+0200][gc,mmu      ] GC(0) MMU target violated: 21.0ms (20.0ms/21.0ms)
[2025-10-11T15:47:24.186+0200][gc,phases   ] GC(0)   Pre Evacuate Collection Set: 0.5ms
[2025-10-11T15:47:24.186+0200][gc,phases   ] GC(0)   Merge Heap Roots: 0.1ms
[2025-10-11T15:47:24.186+0200][gc,phases   ] GC(0)   Evacuate Collection Set: 26.0ms
[2025-10-11T15:47:24.186+0200][gc,phases   ] GC(0)   Post Evacuate Collection Set: 0.5ms
[2025-10-11T15:47:24.186+0200][gc,phases   ] GC(0)   Other: 0.7ms
[2025-10-11T15:47:24.186+0200][gc,heap     ] GC(0) Eden regions: 39->0(44)
[2025-10-11T15:47:24.186+0200][gc,heap     ] GC(0) Survivor regions: 0->7(7)
[2025-10-11T15:47:24.186+0200][gc,heap     ] GC(0) Old regions: 0->1
[2025-10-11T15:47:24.186+0200][gc,heap     ] GC(0) Humongous regions: 0->0
[2025-10-11T15:47:24.186+0200][gc,metaspace] GC(0) Metaspace: 21324K(21504K)->21324K(21504K) NonClass: 19252K(19328K)->19252K(19328K) Class: 2072K(2176K)->2072K(2176K)
[2025-10-11T15:47:24.186+0200][gc          ] GC(0) Pause Young (Concurrent Start) (Metadata GC Threshold) 38M->7M(1024M) 28.388ms
[2025-10-11T15:47:24.186+0200][gc,cpu      ] GC(0) User=0.05s Sys=0.02s Real=0.03s
[2025-10-11T15:47:24.186+0200][gc          ] GC(1) Concurrent Mark Cycle
[2025-10-11T15:47:24.187+0200][gc,marking  ] GC(1) Concurrent Scan Root Regions
[2025-10-11T15:47:24.191+0200][gc,marking  ] GC(1) Concurrent Scan Root Regions 3.489ms
[2025-10-11T15:47:24.191+0200][gc,marking  ] GC(1) Concurrent Mark
[2025-10-11T15:47:24.191+0200][gc,marking  ] GC(1) Concurrent Mark From Roots
[2025-10-11T15:47:24.191+0200][gc,task     ] GC(1) Using 2 workers of 2 for marking
[2025-10-11T15:47:24.193+0200][gc,marking  ] GC(1) Concurrent Mark From Roots 1.515ms
[2025-10-11T15:47:24.193+0200][gc,marking  ] GC(1) Concurrent Preclean
[2025-10-11T15:47:24.193+0200][gc,marking  ] GC(1) Concurrent Preclean 0.019ms
[2025-10-11T15:47:24.193+0200][gc,start    ] GC(1) Pause Remark
[2025-10-11T15:47:24.201+0200][gc          ] GC(1) Pause Remark 8M->8M(1024M) 7.528ms
[2025-10-11T15:47:24.201+0200][gc,cpu      ] GC(1) User=0.01s Sys=0.00s Real=0.01s
[2025-10-11T15:47:24.202+0200][gc,marking  ] GC(1) Concurrent Mark 10.537ms
[2025-10-11T15:47:24.202+0200][gc,marking  ] GC(1) Concurrent Rebuild Remembered Sets and Scrub Regions
[2025-10-11T15:47:24.203+0200][gc,marking  ] GC(1) Concurrent Rebuild Remembered Sets and Scrub Regions 0.842ms
[2025-10-11T15:47:24.203+0200][gc,start    ] GC(1) Pause Cleanup
[2025-10-11T15:47:24.203+0200][gc          ] GC(1) Pause Cleanup 8M->8M(1024M) 0.037ms
[2025-10-11T15:47:24.203+0200][gc,cpu      ] GC(1) User=0.00s Sys=0.00s Real=0.00s
[2025-10-11T15:47:24.203+0200][gc,marking  ] GC(1) Concurrent Clear Claimed Marks
[2025-10-11T15:47:24.203+0200][gc,marking  ] GC(1) Concurrent Clear Claimed Marks 0.011ms
[2025-10-11T15:47:24.203+0200][gc,marking  ] GC(1) Concurrent Cleanup for Next Mark
[2025-10-11T15:47:24.208+0200][gc,marking  ] GC(1) Concurrent Cleanup for Next Mark 5.190ms
[2025-10-11T15:47:24.208+0200][gc          ] GC(1) Concurrent Mark Cycle 21.811ms
[2025-10-11T15:47:25.396+0200][gc,start    ] GC(2) Pause Young (Normal) (G1 Evacuation Pause)
[2025-10-11T15:47:25.396+0200][gc,task     ] GC(2) Using 8 workers of 8 for evacuation
[2025-10-11T15:47:25.415+0200][gc,phases   ] GC(2)   Pre Evacuate Collection Set: 0.2ms
[2025-10-11T15:47:25.415+0200][gc,phases   ] GC(2)   Merge Heap Roots: 0.0ms
[2025-10-11T15:47:25.415+0200][gc,phases   ] GC(2)   Evacuate Collection Set: 18.0ms
[2025-10-11T15:47:25.415+0200][gc,phases   ] GC(2)   Post Evacuate Collection Set: 0.5ms
[2025-10-11T15:47:25.415+0200][gc,phases   ] GC(2)   Other: 0.2ms
[2025-10-11T15:47:25.415+0200][gc,heap     ] GC(2) Eden regions: 44->0(47)
[2025-10-11T15:47:25.415+0200][gc,heap     ] GC(2) Survivor regions: 7->4(7)
[2025-10-11T15:47:25.415+0200][gc,heap     ] GC(2) Old regions: 1->9
[2025-10-11T15:47:25.415+0200][gc,heap     ] GC(2) Humongous regions: 0->0
[2025-10-11T15:47:25.415+0200][gc,metaspace] GC(2) Metaspace: 35636K(35968K)->35636K(35968K) NonClass: 31860K(32000K)->31860K(32000K) Class: 3776K(3968K)->3776K(3968K)
[2025-10-11T15:47:25.415+0200][gc          ] GC(2) Pause Young (Normal) (G1 Evacuation Pause) 51M->11M(1024M) 19.121ms
[2025-10-11T15:47:25.415+0200][gc,cpu      ] GC(2) User=0.04s Sys=0.01s Real=0.02s
[2025-10-11T15:47:25.419+0200][gc,start    ] GC(3) Pause Young (Concurrent Start) (Metadata GC Threshold)
[2025-10-11T15:47:25.419+0200][gc,task     ] GC(3) Using 8 workers of 8 for evacuation
[2025-10-11T15:47:25.421+0200][gc,phases   ] GC(3)   Pre Evacuate Collection Set: 0.2ms
[2025-10-11T15:47:25.422+0200][gc,phases   ] GC(3)   Merge Heap Roots: 0.0ms
[2025-10-11T15:47:25.422+0200][gc,phases   ] GC(3)   Evacuate Collection Set: 2.0ms
[2025-10-11T15:47:25.422+0200][gc,phases   ] GC(3)   Post Evacuate Collection Set: 0.2ms
[2025-10-11T15:47:25.422+0200][gc,phases   ] GC(3)   Other: 0.0ms
[2025-10-11T15:47:25.422+0200][gc,heap     ] GC(3) Eden regions: 1->0(48)
[2025-10-11T15:47:25.422+0200][gc,heap     ] GC(3) Survivor regions: 4->3(7)
[2025-10-11T15:47:25.422+0200][gc,heap     ] GC(3) Old regions: 9->9
[2025-10-11T15:47:25.422+0200][gc,heap     ] GC(3) Humongous regions: 0->0
[2025-10-11T15:47:25.422+0200][gc,metaspace] GC(3) Metaspace: 35636K(35968K)->35636K(35968K) NonClass: 31860K(32000K)->31860K(32000K) Class: 3776K(3968K)->3776K(3968K)
[2025-10-11T15:47:25.422+0200][gc          ] GC(3) Pause Young (Concurrent Start) (Metadata GC Threshold) 12M->11M(1024M) 2.640ms
[2025-10-11T15:47:25.422+0200][gc,cpu      ] GC(3) User=0.01s Sys=0.01s Real=0.01s
[2025-10-11T15:47:25.422+0200][gc          ] GC(4) Concurrent Mark Cycle
[2025-10-11T15:47:25.422+0200][gc,marking  ] GC(4) Concurrent Scan Root Regions
[2025-10-11T15:47:25.423+0200][gc,marking  ] GC(4) Concurrent Scan Root Regions 1.353ms
[2025-10-11T15:47:25.423+0200][gc,marking  ] GC(4) Concurrent Mark
[2025-10-11T15:47:25.423+0200][gc,marking  ] GC(4) Concurrent Mark From Roots
[2025-10-11T15:47:25.423+0200][gc,task     ] GC(4) Using 2 workers of 2 for marking
[2025-10-11T15:47:25.430+0200][gc,marking  ] GC(4) Concurrent Mark From Roots 7.385ms
[2025-10-11T15:47:25.430+0200][gc,marking  ] GC(4) Concurrent Preclean
[2025-10-11T15:47:25.431+0200][gc,marking  ] GC(4) Concurrent Preclean 0.030ms
[2025-10-11T15:47:25.432+0200][gc,start    ] GC(4) Pause Remark
[2025-10-11T15:47:25.439+0200][gc          ] GC(4) Pause Remark 11M->11M(1024M) 7.028ms
[2025-10-11T15:47:25.439+0200][gc,cpu      ] GC(4) User=0.01s Sys=0.00s Real=0.00s
[2025-10-11T15:47:25.439+0200][gc,marking  ] GC(4) Concurrent Mark 15.662ms
[2025-10-11T15:47:25.439+0200][gc,marking  ] GC(4) Concurrent Rebuild Remembered Sets and Scrub Regions
[2025-10-11T15:47:25.445+0200][gc,marking  ] GC(4) Concurrent Rebuild Remembered Sets and Scrub Regions 6.718ms
[2025-10-11T15:47:25.446+0200][gc,start    ] GC(4) Pause Cleanup
[2025-10-11T15:47:25.446+0200][gc          ] GC(4) Pause Cleanup 11M->11M(1024M) 0.107ms
[2025-10-11T15:47:25.446+0200][gc,cpu      ] GC(4) User=0.00s Sys=0.00s Real=0.00s
[2025-10-11T15:47:25.446+0200][gc,marking  ] GC(4) Concurrent Clear Claimed Marks
[2025-10-11T15:47:25.446+0200][gc,marking  ] GC(4) Concurrent Clear Claimed Marks 0.018ms
[2025-10-11T15:47:25.446+0200][gc,marking  ] GC(4) Concurrent Cleanup for Next Mark
[2025-10-11T15:47:25.447+0200][gc,marking  ] GC(4) Concurrent Cleanup for Next Mark 1.506ms
[2025-10-11T15:47:25.447+0200][gc          ] GC(4) Concurrent Mark Cycle 25.858ms
[2025-10-11T15:47:26.613+0200][gc,start    ] GC(5) Pause Young (Prepare Mixed) (G1 Evacuation Pause)
[2025-10-11T15:47:26.613+0200][gc,task     ] GC(5) Using 8 workers of 8 for evacuation
[2025-10-11T15:47:26.621+0200][gc,phases   ] GC(5)   Pre Evacuate Collection Set: 0.1ms
[2025-10-11T15:47:26.621+0200][gc,phases   ] GC(5)   Merge Heap Roots: 1.2ms
[2025-10-11T15:47:26.621+0200][gc,phases   ] GC(5)   Evacuate Collection Set: 6.5ms
[2025-10-11T15:47:26.621+0200][gc,phases   ] GC(5)   Post Evacuate Collection Set: 0.5ms
[2025-10-11T15:47:26.621+0200][gc,phases   ] GC(5)   Other: 0.1ms
[2025-10-11T15:47:26.621+0200][gc,heap     ] GC(5) Eden regions: 48->0(44)
[2025-10-11T15:47:26.622+0200][gc,heap     ] GC(5) Survivor regions: 3->7(7)
[2025-10-11T15:47:26.622+0200][gc,heap     ] GC(5) Old regions: 9->9
[2025-10-11T15:47:26.622+0200][gc,heap     ] GC(5) Humongous regions: 9->9
[2025-10-11T15:47:26.622+0200][gc,metaspace] GC(5) Metaspace: 46830K(47360K)->46830K(47360K) NonClass: 41772K(42048K)->41772K(42048K) Class: 5058K(5312K)->5058K(5312K)
[2025-10-11T15:47:26.622+0200][gc          ] GC(5) Pause Young (Prepare Mixed) (G1 Evacuation Pause) 68M->24M(1024M) 8.532ms
[2025-10-11T15:47:26.622+0200][gc,cpu      ] GC(5) User=0.03s Sys=0.01s Real=0.01s
[2025-10-11T15:47:27.375+0200][gc,start    ] GC(6) Pause Young (Mixed) (G1 Evacuation Pause)
[2025-10-11T15:47:27.375+0200][gc,task     ] GC(6) Using 8 workers of 8 for evacuation
[2025-10-11T15:47:27.386+0200][gc,phases   ] GC(6)   Pre Evacuate Collection Set: 0.2ms
[2025-10-11T15:47:27.386+0200][gc,phases   ] GC(6)   Merge Heap Roots: 0.3ms
[2025-10-11T15:47:27.386+0200][gc,phases   ] GC(6)   Evacuate Collection Set: 9.9ms
[2025-10-11T15:47:27.386+0200][gc,phases   ] GC(6)   Post Evacuate Collection Set: 0.5ms
[2025-10-11T15:47:27.386+0200][gc,phases   ] GC(6)   Other: 0.5ms
[2025-10-11T15:47:27.386+0200][gc,heap     ] GC(6) Eden regions: 44->0(44)
[2025-10-11T15:47:27.386+0200][gc,heap     ] GC(6) Survivor regions: 7->7(7)
[2025-10-11T15:47:27.386+0200][gc,heap     ] GC(6) Old regions: 9->17
[2025-10-11T15:47:27.386+0200][gc,heap     ] GC(6) Humongous regions: 138->138
[2025-10-11T15:47:27.386+0200][gc,metaspace] GC(6) Metaspace: 53666K(54528K)->53666K(54528K) NonClass: 47731K(48192K)->47731K(48192K) Class: 5935K(6336K)->5935K(6336K)
[2025-10-11T15:47:27.386+0200][gc          ] GC(6) Pause Young (Mixed) (G1 Evacuation Pause) 197M->161M(1024M) 11.630ms
[2025-10-11T15:47:27.387+0200][gc,cpu      ] GC(6) User=0.04s Sys=0.01s Real=0.01s
[2025-10-11T16:12:41.480+0200][gc,start    ] GC(7) Pause Young (Normal) (G1 Evacuation Pause)
[2025-10-11T16:12:41.481+0200][gc,task     ] GC(7) Using 8 workers of 8 for evacuation
[2025-10-11T16:12:41.506+0200][gc,mmu      ] GC(7) MMU target violated: 21.0ms (20.0ms/21.0ms)
[2025-10-11T16:12:41.506+0200][gc,phases   ] GC(7)   Pre Evacuate Collection Set: 0.8ms
[2025-10-11T16:12:41.506+0200][gc,phases   ] GC(7)   Merge Heap Roots: 0.2ms
[2025-10-11T16:12:41.506+0200][gc,phases   ] GC(7)   Evacuate Collection Set: 22.9ms
[2025-10-11T16:12:41.506+0200][gc,phases   ] GC(7)   Post Evacuate Collection Set: 0.5ms
[2025-10-11T16:12:41.506+0200][gc,phases   ] GC(7)   Other: 0.3ms
[2025-10-11T16:12:41.506+0200][gc,heap     ] GC(7) Eden regions: 44->0(49)
[2025-10-11T16:12:41.506+0200][gc,heap     ] GC(7) Survivor regions: 7->2(7)
[2025-10-11T16:12:41.506+0200][gc,heap     ] GC(7) Old regions: 17->24
[2025-10-11T16:12:41.506+0200][gc,heap     ] GC(7) Humongous regions: 138->138
[2025-10-11T16:12:41.506+0200][gc,metaspace] GC(7) Metaspace: 55746K(56576K)->55746K(56576K) NonClass: 49707K(50176K)->49707K(50176K) Class: 6039K(6400K)->6039K(6400K)
[2025-10-11T16:12:41.506+0200][gc          ] GC(7) Pause Young (Normal) (G1 Evacuation Pause) 205M->163M(1024M) 26.074ms
[2025-10-11T16:12:41.506+0200][gc,cpu      ] GC(7) User=0.05s Sys=0.02s Real=0.02s
[2025-10-11T16:26:33.673+0200][gc,start    ] GC(8) Pause Young (Normal) (G1 Evacuation Pause)
[2025-10-11T16:26:33.673+0200][gc,task     ] GC(8) Using 8 workers of 8 for evacuation
[2025-10-11T16:26:33.690+0200][gc,phases   ] GC(8)   Pre Evacuate Collection Set: 0.5ms
[2025-10-11T16:26:33.690+0200][gc,phases   ] GC(8)   Merge Heap Roots: 0.1ms
[2025-10-11T16:26:33.690+0200][gc,phases   ] GC(8)   Evacuate Collection Set: 15.4ms
[2025-10-11T16:26:33.690+0200][gc,phases   ] GC(8)   Post Evacuate Collection Set: 0.5ms
[2025-10-11T16:26:33.690+0200][gc,phases   ] GC(8)   Other: 0.2ms
[2025-10-11T16:26:33.690+0200][gc,heap     ] GC(8) Eden regions: 49->0(48)
[2025-10-11T16:26:33.690+0200][gc,heap     ] GC(8) Survivor regions: 2->3(7)
[2025-10-11T16:26:33.690+0200][gc,heap     ] GC(8) Old regions: 24->24
[2025-10-11T16:26:33.690+0200][gc,heap     ] GC(8) Humongous regions: 138->138
[2025-10-11T16:26:33.690+0200][gc,metaspace] GC(8) Metaspace: 55993K(56832K)->55993K(56832K) NonClass: 49954K(50432K)->49954K(50432K) Class: 6039K(6400K)->6039K(6400K)
[2025-10-11T16:26:33.690+0200][gc          ] GC(8) Pause Young (Normal) (G1 Evacuation Pause) 212M->163M(1024M) 17.134ms
[2025-10-11T16:26:33.690+0200][gc,cpu      ] GC(8) User=0.04s Sys=0.01s Real=0.02s
[2025-10-11T16:41:09.000+0200][gc,start    ] GC(9) Pause Young (Normal) (G1 Evacuation Pause)
[2025-10-11T16:41:09.001+0200][gc,task     ] GC(9) Using 8 workers of 8 for evacuation
[2025-10-11T16:41:09.022+0200][gc,mmu      ] GC(9) MMU target violated: 21.0ms (20.0ms/21.0ms)
[2025-10-11T16:41:09.022+0200][gc,phases   ] GC(9)   Pre Evacuate Collection Set: 0.4ms
[2025-10-11T16:41:09.022+0200][gc,phases   ] GC(9)   Merge Heap Roots: 0.1ms
[2025-10-11T16:41:09.022+0200][gc,phases   ] GC(9)   Evacuate Collection Set: 20.2ms
[2025-10-11T16:41:09.022+0200][gc,phases   ] GC(9)   Post Evacuate Collection Set: 0.5ms
[2025-10-11T16:41:09.022+0200][gc,phases   ] GC(9)   Other: 0.3ms
[2025-10-11T16:41:09.022+0200][gc,heap     ] GC(9) Eden regions: 48->0(47)
[2025-10-11T16:41:09.022+0200][gc,heap     ] GC(9) Survivor regions: 3->4(7)
[2025-10-11T16:41:09.022+0200][gc,heap     ] GC(9) Old regions: 24->24
[2025-10-11T16:41:09.022+0200][gc,heap     ] GC(9) Humongous regions: 138->138
[2025-10-11T16:41:09.022+0200][gc,metaspace] GC(9) Metaspace: 56022K(56832K)->56022K(56832K) NonClass: 49983K(50432K)->49983K(50432K) Class: 6039K(6400K)->6039K(6400K)
[2025-10-11T16:41:09.022+0200][gc          ] GC(9) Pause Young (Normal) (G1 Evacuation Pause) 211M->164M(1024M) 22.097ms
[2025-10-11T16:41:09.022+0200][gc,cpu      ] GC(9) User=0.04s Sys=0.01s Real=0.02s
[2025-10-11T16:56:14.677+0200][gc,start    ] GC(10) Pause Young (Normal) (G1 Evacuation Pause)
[2025-10-11T16:56:14.679+0200][gc,task     ] GC(10) Using 8 workers of 8 for evacuation
[2025-10-11T16:56:14.697+0200][gc,phases   ] GC(10)   Pre Evacuate Collection Set: 0.5ms
[2025-10-11T16:56:14.697+0200][gc,phases   ] GC(10)   Merge Heap Roots: 0.1ms
[2025-10-11T16:56:14.697+0200][gc,phases   ] GC(10)   Evacuate Collection Set: 16.3ms
[2025-10-11T16:56:14.697+0200][gc,phases   ] GC(10)   Post Evacuate Collection Set: 0.7ms
[2025-10-11T16:56:14.697+0200][gc,phases   ] GC(10)   Other: 0.3ms
[2025-10-11T16:56:14.697+0200][gc,heap     ] GC(10) Eden regions: 47->0(46)
[2025-10-11T16:56:14.697+0200][gc,heap     ] GC(10) Survivor regions: 4->5(7)
[2025-10-11T16:56:14.697+0200][gc,heap     ] GC(10) Old regions: 24->24
[2025-10-11T16:56:14.697+0200][gc,heap     ] GC(10) Humongous regions: 138->138
[2025-10-11T16:56:14.697+0200][gc,metaspace] GC(10) Metaspace: 56055K(56896K)->56055K(56896K) NonClass: 50016K(50496K)->50016K(50496K) Class: 6039K(6400K)->6039K(6400K)
[2025-10-11T16:56:14.697+0200][gc          ] GC(10) Pause Young (Normal) (G1 Evacuation Pause) 211M->166M(1024M) 19.693ms
[2025-10-11T16:56:14.697+0200][gc,cpu      ] GC(10) User=0.04s Sys=0.01s Real=0.02s
[2025-10-11T17:10:49.436+0200][gc,start    ] GC(11) Pause Young (Normal) (G1 Evacuation Pause)
[2025-10-11T17:10:49.437+0200][gc,task     ] GC(11) Using 8 workers of 8 for evacuation
[2025-10-11T17:10:49.449+0200][gc,phases   ] GC(11)   Pre Evacuate Collection Set: 0.2ms
[2025-10-11T17:10:49.449+0200][gc,phases   ] GC(11)   Merge Heap Roots: 0.1ms
[2025-10-11T17:10:49.449+0200][gc,phases   ] GC(11)   Evacuate Collection Set: 11.4ms
[2025-10-11T17:10:49.449+0200][gc,phases   ] GC(11)   Post Evacuate Collection Set: 0.3ms
[2025-10-11T17:10:49.449+0200][gc,phases   ] GC(11)   Other: 0.1ms
[2025-10-11T17:10:49.449+0200][gc,heap     ] GC(11) Eden regions: 46->0(45)
[2025-10-11T17:10:49.449+0200][gc,heap     ] GC(11) Survivor regions: 5->6(7)
[2025-10-11T17:10:49.449+0200][gc,heap     ] GC(11) Old regions: 24->25
[2025-10-11T17:10:49.449+0200][gc,heap     ] GC(11) Humongous regions: 147->147
[2025-10-11T17:10:49.449+0200][gc,metaspace] GC(11) Metaspace: 56386K(57216K)->56386K(57216K) NonClass: 50299K(50752K)->50299K(50752K) Class: 6086K(6464K)->6086K(6464K)
[2025-10-11T17:10:49.449+0200][gc          ] GC(11) Pause Young (Normal) (G1 Evacuation Pause) 221M->176M(1024M) 13.496ms
[2025-10-11T17:10:49.449+0200][gc,cpu      ] GC(11) User=0.03s Sys=0.01s Real=0.01s
[2025-10-12T10:20:18.619+0200][gc,start    ] GC(12) Pause Young (Normal) (G1 Evacuation Pause)
[2025-10-12T10:20:18.619+0200][gc,task     ] GC(12) Using 8 workers of 8 for evacuation
[2025-10-12T10:20:18.624+0200][gc,phases   ] GC(12)   Pre Evacuate Collection Set: 0.2ms
[2025-10-12T10:20:18.624+0200][gc,phases   ] GC(12)   Merge Heap Roots: 0.0ms
[2025-10-12T10:20:18.624+0200][gc,phases   ] GC(12)   Evacuate Collection Set: 3.9ms
[2025-10-12T10:20:18.624+0200][gc,phases   ] GC(12)   Post Evacuate Collection Set: 0.2ms
[2025-10-12T10:20:18.624+0200][gc,phases   ] GC(12)   Other: 0.1ms
[2025-10-12T10:20:18.624+0200][gc,heap     ] GC(12) Eden regions: 45->0(181)
[2025-10-12T10:20:18.624+0200][gc,heap     ] GC(12) Survivor regions: 6->4(7)
[2025-10-12T10:20:18.624+0200][gc,heap     ] GC(12) Old regions: 25->27
[2025-10-12T10:20:18.624+0200][gc,heap     ] GC(12) Humongous regions: 147->147
[2025-10-12T10:20:18.624+0200][gc,metaspace] GC(12) Metaspace: 56553K(57344K)->56553K(57344K) NonClass: 50438K(50880K)->50438K(50880K) Class: 6115K(6464K)->6115K(6464K)
[2025-10-12T10:20:18.624+0200][gc          ] GC(12) Pause Young (Normal) (G1 Evacuation Pause) 221M->176M(1024M) 4.895ms
[2025-10-12T10:20:18.624+0200][gc,cpu      ] GC(12) User=0.01s Sys=0.01s Real=0.01s
[2025-10-12T10:20:18.872+0200][gc,heap,exit] Heap
[2025-10-12T10:20:18.872+0200][gc,heap,exit]  garbage-first heap   total 1048576K, used 192411K [0x00000007c0000000, 0x0000000800000000)
[2025-10-12T10:20:18.872+0200][gc,heap,exit]   region size 1024K, 15 young (15360K), 4 survivors (4096K)
[2025-10-12T10:20:18.872+0200][gc,heap,exit]  Metaspace       used 57401K, committed 58240K, reserved 1114112K
[2025-10-12T10:20:18.872+0200][gc,heap,exit]   class space    used 6278K, committed 6656K, reserved 1048576K
