[2025-10-12T10:21:53.488+0200][gc,init] CardTable entry size: 512
[2025-10-12T10:21:53.488+0200][gc     ] Using G1
[2025-10-12T10:21:53.491+0200][gc,init] Version: 21.0.2+13-LTS (release)
[2025-10-12T10:21:53.491+0200][gc,init] CPUs: 8 total, 8 available
[2025-10-12T10:21:53.491+0200][gc,init] Memory: 16384M
[2025-10-12T10:21:53.491+0200][gc,init] Large Page Support: Disabled
[2025-10-12T10:21:53.491+0200][gc,init] NUMA Support: Disabled
[2025-10-12T10:21:53.491+0200][gc,init] Compressed Oops: Enabled (Zero based)
[2025-10-12T10:21:53.491+0200][gc,init] Heap Region Size: 1M
[2025-10-12T10:21:53.491+0200][gc,init] Heap Min Capacity: 1G
[2025-10-12T10:21:53.491+0200][gc,init] Heap Initial Capacity: 1G
[2025-10-12T10:21:53.491+0200][gc,init] Heap Max Capacity: 1G
[2025-10-12T10:21:53.491+0200][gc,init] Pre-touch: Disabled
[2025-10-12T10:21:53.491+0200][gc,init] Parallel Workers: 8
[2025-10-12T10:21:53.491+0200][gc,init] Concurrent Workers: 2
[2025-10-12T10:21:53.491+0200][gc,init] Concurrent Refinement Workers: 8
[2025-10-12T10:21:53.491+0200][gc,init] Periodic GC: Disabled
[2025-10-12T10:21:53.491+0200][gc,metaspace] CDS archive(s) not mapped
[2025-10-12T10:21:53.491+0200][gc,metaspace] Compressed class space mapped at: 0x0000000800000000-0x0000000840000000, reserved size: 1073741824
[2025-10-12T10:21:53.491+0200][gc,metaspace] Narrow klass base: 0x0000000800000000, Narrow klass shift: 0, Narrow klass range: 0x40000000
[2025-10-12T10:21:54.579+0200][gc,start    ] GC(0) Pause Young (Concurrent Start) (Metadata GC Threshold)
[2025-10-12T10:21:54.579+0200][gc,task     ] GC(0) Using 8 workers of 8 for evacuation
[2025-10-12T10:21:54.596+0200][gc,phases   ] GC(0)   Pre Evacuate Collection Set: 0.6ms
[2025-10-12T10:21:54.596+0200][gc,phases   ] GC(0)   Merge Heap Roots: 0.0ms
[2025-10-12T10:21:54.596+0200][gc,phases   ] GC(0)   Evacuate Collection Set: 15.9ms
[2025-10-12T10:21:54.596+0200][gc,phases   ] GC(0)   Post Evacuate Collection Set: 0.3ms
[2025-10-12T10:21:54.596+0200][gc,phases   ] GC(0)   Other: 0.5ms
[2025-10-12T10:21:54.597+0200][gc,heap     ] GC(0) Eden regions: 39->0(44)
[2025-10-12T10:21:54.597+0200][gc,heap     ] GC(0) Survivor regions: 0->7(7)
[2025-10-12T10:21:54.597+0200][gc,heap     ] GC(0) Old regions: 0->2
[2025-10-12T10:21:54.597+0200][gc,heap     ] GC(0) Humongous regions: 0->0
[2025-10-12T10:21:54.597+0200][gc,metaspace] GC(0) Metaspace: 21323K(21504K)->21323K(21504K) NonClass: 19251K(19328K)->19251K(19328K) Class: 2071K(2176K)->2071K(2176K)
[2025-10-12T10:21:54.597+0200][gc          ] GC(0) Pause Young (Concurrent Start) (Metadata GC Threshold) 38M->8M(1024M) 17.894ms
[2025-10-12T10:21:54.597+0200][gc,cpu      ] GC(0) User=0.02s Sys=0.01s Real=0.02s
[2025-10-12T10:21:54.597+0200][gc          ] GC(1) Concurrent Mark Cycle
[2025-10-12T10:21:54.597+0200][gc,marking  ] GC(1) Concurrent Scan Root Regions
[2025-10-12T10:21:54.599+0200][gc,marking  ] GC(1) Concurrent Scan Root Regions 1.717ms
[2025-10-12T10:21:54.599+0200][gc,marking  ] GC(1) Concurrent Mark
[2025-10-12T10:21:54.599+0200][gc,marking  ] GC(1) Concurrent Mark From Roots
[2025-10-12T10:21:54.599+0200][gc,task     ] GC(1) Using 2 workers of 2 for marking
[2025-10-12T10:21:54.599+0200][gc,marking  ] GC(1) Concurrent Mark From Roots 0.080ms
[2025-10-12T10:21:54.599+0200][gc,marking  ] GC(1) Concurrent Preclean
[2025-10-12T10:21:54.599+0200][gc,marking  ] GC(1) Concurrent Preclean 0.009ms
[2025-10-12T10:21:54.600+0200][gc,start    ] GC(1) Pause Remark
[2025-10-12T10:21:54.604+0200][gc          ] GC(1) Pause Remark 8M->8M(1024M) 4.761ms
[2025-10-12T10:21:54.604+0200][gc,cpu      ] GC(1) User=0.00s Sys=0.00s Real=0.00s
[2025-10-12T10:21:54.605+0200][gc,marking  ] GC(1) Concurrent Mark 6.194ms
[2025-10-12T10:21:54.605+0200][gc,marking  ] GC(1) Concurrent Rebuild Remembered Sets and Scrub Regions
[2025-10-12T10:21:54.608+0200][gc,marking  ] GC(1) Concurrent Rebuild Remembered Sets and Scrub Regions 3.068ms
[2025-10-12T10:21:54.610+0200][gc,start    ] GC(1) Pause Cleanup
[2025-10-12T10:21:54.610+0200][gc          ] GC(1) Pause Cleanup 8M->8M(1024M) 0.062ms
[2025-10-12T10:21:54.610+0200][gc,cpu      ] GC(1) User=0.00s Sys=0.00s Real=0.00s
[2025-10-12T10:21:54.610+0200][gc,marking  ] GC(1) Concurrent Clear Claimed Marks
[2025-10-12T10:21:54.610+0200][gc,marking  ] GC(1) Concurrent Clear Claimed Marks 0.009ms
[2025-10-12T10:21:54.610+0200][gc,marking  ] GC(1) Concurrent Cleanup for Next Mark
[2025-10-12T10:21:54.613+0200][gc,marking  ] GC(1) Concurrent Cleanup for Next Mark 2.803ms
[2025-10-12T10:21:54.614+0200][gc          ] GC(1) Concurrent Mark Cycle 17.105ms
[2025-10-12T10:21:55.322+0200][gc,start    ] GC(2) Pause Young (Concurrent Start) (Metadata GC Threshold)
[2025-10-12T10:21:55.322+0200][gc,task     ] GC(2) Using 8 workers of 8 for evacuation
[2025-10-12T10:21:55.334+0200][gc,phases   ] GC(2)   Pre Evacuate Collection Set: 0.1ms
[2025-10-12T10:21:55.334+0200][gc,phases   ] GC(2)   Merge Heap Roots: 1.0ms
[2025-10-12T10:21:55.334+0200][gc,phases   ] GC(2)   Evacuate Collection Set: 10.8ms
[2025-10-12T10:21:55.334+0200][gc,phases   ] GC(2)   Post Evacuate Collection Set: 0.3ms
[2025-10-12T10:21:55.334+0200][gc,phases   ] GC(2)   Other: 0.0ms
[2025-10-12T10:21:55.334+0200][gc,heap     ] GC(2) Eden regions: 44->0(47)
[2025-10-12T10:21:55.334+0200][gc,heap     ] GC(2) Survivor regions: 7->4(7)
[2025-10-12T10:21:55.334+0200][gc,heap     ] GC(2) Old regions: 2->9
[2025-10-12T10:21:55.334+0200][gc,heap     ] GC(2) Humongous regions: 0->0
[2025-10-12T10:21:55.334+0200][gc,metaspace] GC(2) Metaspace: 35610K(35968K)->35610K(35968K) NonClass: 31834K(32000K)->31834K(32000K) Class: 3775K(3968K)->3775K(3968K)
[2025-10-12T10:21:55.335+0200][gc          ] GC(2) Pause Young (Concurrent Start) (Metadata GC Threshold) 52M->11M(1024M) 12.402ms
[2025-10-12T10:21:55.335+0200][gc,cpu      ] GC(2) User=0.03s Sys=0.01s Real=0.01s
[2025-10-12T10:21:55.335+0200][gc          ] GC(3) Concurrent Mark Cycle
[2025-10-12T10:21:55.335+0200][gc,marking  ] GC(3) Concurrent Scan Root Regions
[2025-10-12T10:21:55.336+0200][gc,marking  ] GC(3) Concurrent Scan Root Regions 1.407ms
[2025-10-12T10:21:55.336+0200][gc,marking  ] GC(3) Concurrent Mark
[2025-10-12T10:21:55.336+0200][gc,marking  ] GC(3) Concurrent Mark From Roots
[2025-10-12T10:21:55.336+0200][gc,task     ] GC(3) Using 2 workers of 2 for marking
[2025-10-12T10:21:55.339+0200][gc,marking  ] GC(3) Concurrent Mark From Roots 3.239ms
[2025-10-12T10:21:55.339+0200][gc,marking  ] GC(3) Concurrent Preclean
[2025-10-12T10:21:55.339+0200][gc,marking  ] GC(3) Concurrent Preclean 0.157ms
[2025-10-12T10:21:55.340+0200][gc,start    ] GC(3) Pause Remark
[2025-10-12T10:21:55.344+0200][gc          ] GC(3) Pause Remark 11M->11M(1024M) 3.842ms
[2025-10-12T10:21:55.344+0200][gc,cpu      ] GC(3) User=0.00s Sys=0.00s Real=0.00s
[2025-10-12T10:21:55.344+0200][gc,marking  ] GC(3) Concurrent Mark 7.802ms
[2025-10-12T10:21:55.344+0200][gc,marking  ] GC(3) Concurrent Rebuild Remembered Sets and Scrub Regions
[2025-10-12T10:21:55.345+0200][gc,marking  ] GC(3) Concurrent Rebuild Remembered Sets and Scrub Regions 0.885ms
[2025-10-12T10:21:55.345+0200][gc,start    ] GC(3) Pause Cleanup
[2025-10-12T10:21:55.345+0200][gc          ] GC(3) Pause Cleanup 11M->11M(1024M) 0.065ms
[2025-10-12T10:21:55.345+0200][gc,cpu      ] GC(3) User=0.00s Sys=0.00s Real=0.00s
[2025-10-12T10:21:55.345+0200][gc,marking  ] GC(3) Concurrent Clear Claimed Marks
[2025-10-12T10:21:55.345+0200][gc,marking  ] GC(3) Concurrent Clear Claimed Marks 0.012ms
[2025-10-12T10:21:55.345+0200][gc,marking  ] GC(3) Concurrent Cleanup for Next Mark
[2025-10-12T10:21:55.346+0200][gc,marking  ] GC(3) Concurrent Cleanup for Next Mark 1.009ms
[2025-10-12T10:21:55.346+0200][gc          ] GC(3) Concurrent Mark Cycle 11.669ms
[2025-10-12T10:21:56.162+0200][gc,start    ] GC(4) Pause Young (Normal) (G1 Evacuation Pause)
[2025-10-12T10:21:56.162+0200][gc,task     ] GC(4) Using 8 workers of 8 for evacuation
[2025-10-12T10:21:56.167+0200][gc,phases   ] GC(4)   Pre Evacuate Collection Set: 0.1ms
[2025-10-12T10:21:56.167+0200][gc,phases   ] GC(4)   Merge Heap Roots: 0.0ms
[2025-10-12T10:21:56.167+0200][gc,phases   ] GC(4)   Evacuate Collection Set: 4.3ms
[2025-10-12T10:21:56.167+0200][gc,phases   ] GC(4)   Post Evacuate Collection Set: 0.2ms
[2025-10-12T10:21:56.167+0200][gc,phases   ] GC(4)   Other: 0.1ms
[2025-10-12T10:21:56.167+0200][gc,heap     ] GC(4) Eden regions: 47->0(44)
[2025-10-12T10:21:56.167+0200][gc,heap     ] GC(4) Survivor regions: 4->7(7)
[2025-10-12T10:21:56.167+0200][gc,heap     ] GC(4) Old regions: 9->9
[2025-10-12T10:21:56.167+0200][gc,heap     ] GC(4) Humongous regions: 9->9
[2025-10-12T10:21:56.167+0200][gc,metaspace] GC(4) Metaspace: 45770K(46336K)->45770K(46336K) NonClass: 40827K(41152K)->40827K(41152K) Class: 4942K(5184K)->4942K(5184K)
[2025-10-12T10:21:56.167+0200][gc          ] GC(4) Pause Young (Normal) (G1 Evacuation Pause) 67M->24M(1024M) 4.914ms
[2025-10-12T10:21:56.167+0200][gc,cpu      ] GC(4) User=0.01s Sys=0.00s Real=0.00s
[2025-10-12T10:21:56.601+0200][gc,start    ] GC(5) Pause Young (Normal) (G1 Evacuation Pause)
[2025-10-12T10:21:56.601+0200][gc,task     ] GC(5) Using 8 workers of 8 for evacuation
[2025-10-12T10:21:56.607+0200][gc,phases   ] GC(5)   Pre Evacuate Collection Set: 0.1ms
[2025-10-12T10:21:56.607+0200][gc,phases   ] GC(5)   Merge Heap Roots: 0.0ms
[2025-10-12T10:21:56.607+0200][gc,phases   ] GC(5)   Evacuate Collection Set: 6.4ms
[2025-10-12T10:21:56.607+0200][gc,phases   ] GC(5)   Post Evacuate Collection Set: 0.3ms
[2025-10-12T10:21:56.607+0200][gc,phases   ] GC(5)   Other: 0.0ms
[2025-10-12T10:21:56.608+0200][gc,heap     ] GC(5) Eden regions: 44->0(44)
[2025-10-12T10:21:56.608+0200][gc,heap     ] GC(5) Survivor regions: 7->7(7)
[2025-10-12T10:21:56.608+0200][gc,heap     ] GC(5) Old regions: 9->17
[2025-10-12T10:21:56.608+0200][gc,heap     ] GC(5) Humongous regions: 9->9
[2025-10-12T10:21:56.608+0200][gc,metaspace] GC(5) Metaspace: 52381K(53184K)->52381K(53184K) NonClass: 46635K(47104K)->46635K(47104K) Class: 5746K(6080K)->5746K(6080K)
[2025-10-12T10:21:56.608+0200][gc          ] GC(5) Pause Young (Normal) (G1 Evacuation Pause) 68M->32M(1024M) 6.999ms
[2025-10-12T10:21:56.608+0200][gc,cpu      ] GC(5) User=0.03s Sys=0.00s Real=0.00s
[2025-10-12T10:29:26.704+0200][gc,start    ] GC(6) Pause Young (Normal) (G1 Evacuation Pause)
[2025-10-12T10:29:26.705+0200][gc,task     ] GC(6) Using 8 workers of 8 for evacuation
[2025-10-12T10:29:26.728+0200][gc,mmu      ] GC(6) MMU target violated: 21.0ms (20.0ms/21.0ms)
[2025-10-12T10:29:26.728+0200][gc,phases   ] GC(6)   Pre Evacuate Collection Set: 0.6ms
[2025-10-12T10:29:26.728+0200][gc,phases   ] GC(6)   Merge Heap Roots: 0.1ms
[2025-10-12T10:29:26.728+0200][gc,phases   ] GC(6)   Evacuate Collection Set: 21.2ms
[2025-10-12T10:29:26.728+0200][gc,phases   ] GC(6)   Post Evacuate Collection Set: 0.4ms
[2025-10-12T10:29:26.728+0200][gc,phases   ] GC(6)   Other: 0.2ms
[2025-10-12T10:29:26.728+0200][gc,heap     ] GC(6) Eden regions: 44->0(48)
[2025-10-12T10:29:26.728+0200][gc,heap     ] GC(6) Survivor regions: 7->3(7)
[2025-10-12T10:29:26.728+0200][gc,heap     ] GC(6) Old regions: 17->23
[2025-10-12T10:29:26.728+0200][gc,heap     ] GC(6) Humongous regions: 138->138
[2025-10-12T10:29:26.728+0200][gc,metaspace] GC(6) Metaspace: 56415K(57344K)->56415K(57344K) NonClass: 50244K(50752K)->50244K(50752K) Class: 6170K(6592K)->6170K(6592K)
[2025-10-12T10:29:26.728+0200][gc          ] GC(6) Pause Young (Normal) (G1 Evacuation Pause) 205M->163M(1024M) 23.787ms
[2025-10-12T10:29:26.728+0200][gc,cpu      ] GC(6) User=0.04s Sys=0.02s Real=0.02s
[2025-10-12T10:36:19.418+0200][gc,heap,exit] Heap
[2025-10-12T10:36:19.419+0200][gc,heap,exit]  garbage-first heap   total 1048576K, used 203950K [0x00000007c0000000, 0x0000000800000000)
[2025-10-12T10:36:19.419+0200][gc,heap,exit]   region size 1024K, 39 young (39936K), 3 survivors (3072K)
[2025-10-12T10:36:19.419+0200][gc,heap,exit]  Metaspace       used 57313K, committed 58240K, reserved 1114112K
[2025-10-12T10:36:19.419+0200][gc,heap,exit]   class space    used 6322K, committed 6720K, reserved 1048576K
